--------------------------------------------------------------------------------
Release 14.7 Trace  (lin64)
Copyright (c) 1995-2013 Xilinx, Inc.  All rights reserved.

/opt/Xilinx/14.7/ISE_DS/ISE/bin/lin64/unwrapped/trce -intstyle ise -v 3 -s 5 -n
3 -fastpaths -xml nombreModulo.twx nombreModulo.ncd -o nombreModulo.twr
nombreModulo.pcf -ucf puertos.ucf

Design file:              nombreModulo.ncd
Physical constraint file: nombreModulo.pcf
Device,package,speed:     xc3s500e,fg320,-5 (PRODUCTION 1.27 2013-10-13)
Report level:             verbose report

Environment Variable      Effect 
--------------------      ------ 
NONE                      No environment variables were set
--------------------------------------------------------------------------------

INFO:Timing:2698 - No timing constraints found, doing default enumeration.
INFO:Timing:3412 - To improve timing, see the Timing Closure User Guide (UG612).
INFO:Timing:2752 - To get complete path coverage, use the unconstrained paths 
   option. All paths that are not constrained will be reported in the 
   unconstrained paths section(s) of the report.
INFO:Timing:3339 - The clock-to-out numbers in this timing report are based on 
   a 50 Ohm transmission line loading model.  For the details of this model, 
   and for more information on accounting for different loading conditions, 
   please see the device datasheet.
INFO:Timing:3390 - This architecture does not support a default System Jitter 
   value, please add SYSTEM_JITTER constraint to the UCF to modify the Clock 
   Uncertainty calculation.
INFO:Timing:3389 - This architecture does not support 'Discrete Jitter' and 
   'Phase Error' calculations, these terms will be zero in the Clock 
   Uncertainty calculation.  Please make appropriate modification to 
   SYSTEM_JITTER to account for the unsupported Discrete Jitter and Phase 
   Error.



Data Sheet report:
-----------------
All values displayed in nanoseconds (ns)

Pad to Pad
---------------+---------------+---------+
Source Pad     |Destination Pad|  Delay  |
---------------+---------------+---------+
a              |salidaAND      |   10.013|
a              |salidaNAND     |    8.367|
a              |salidaNOR      |    6.919|
a              |salidaNOTa     |    4.240|
a              |salidaOR       |   10.435|
a              |salidaXNOR     |    8.747|
a              |salidaXOR      |    8.487|
b              |salidaAND      |    9.170|
b              |salidaNAND     |    7.568|
b              |salidaNOR      |    6.114|
b              |salidaOR       |    9.497|
b              |salidaXNOR     |    7.870|
b              |salidaXOR      |    7.499|
c              |salidaAND      |    8.700|
c              |salidaNAND     |    6.922|
c              |salidaNOR      |    5.501|
c              |salidaOR       |    8.989|
c              |salidaXNOR     |    7.429|
c              |salidaXOR      |    7.018|
---------------+---------------+---------+


Analysis completed Mon Jul  3 11:41:01 2023 
--------------------------------------------------------------------------------

Trace Settings:
-------------------------
Trace Settings 

Peak Memory Usage: 347 MB



