EN decodificadorbinhex NULL /home/ise/Aprendiendo/VHDL_Verilog/13.-ContadorAscendenteDescendenteVHDL/mostrarHexadecimalDisplay.vhd sub00/vhpl04 1688217199
EN contadorasc_desc NULL /home/ise/Aprendiendo/VHDL_Verilog/13.-ContadorAscendenteDescendenteVHDL/contadorAscendenteDescendente.vhd sub00/vhpl08 1688217197
EN contadorascendente NULL C:/DLPs/practica1punto3VHDL/contadorAscendenteDescendente.vhd sub00/vhpl00 1603382045
EN divisordereloj NULL /home/ise/Aprendiendo/VHDL_Verilog/13.-ContadorAscendenteDescendenteVHDL/divisorDeReloj.vhd sub00/vhpl02 1688217195
AR divisordereloj frecuencianueva /home/ise/Aprendiendo/VHDL_Verilog/13.-ContadorAscendenteDescendenteVHDL/divisorDeReloj.vhd sub00/vhpl03 1688217196
AR contadorascendente behavioral C:/DLPs/practica1punto3VHDL/contadorAscendenteDescendente.vhd sub00/vhpl01 1603382046
AR decodificadorbinhex mostrarendisplay /home/ise/Aprendiendo/VHDL_Verilog/13.-ContadorAscendenteDescendenteVHDL/mostrarHexadecimalDisplay.vhd sub00/vhpl05 1688217200
EN contadorhexadecimaltld NULL /home/ise/Aprendiendo/VHDL_Verilog/13.-ContadorAscendenteDescendenteVHDL/contadorHezadecimalTLD.vhd sub00/vhpl06 1688217201
AR contadorasc_desc behavioral /home/ise/Aprendiendo/VHDL_Verilog/13.-ContadorAscendenteDescendenteVHDL/contadorAscendenteDescendente.vhd sub00/vhpl09 1688217198
AR contadorhexadecimaltld encenderdisplaytld /home/ise/Aprendiendo/VHDL_Verilog/13.-ContadorAscendenteDescendenteVHDL/contadorHezadecimalTLD.vhd sub00/vhpl07 1688217202
