AR shiftadd3 metodoshiftadd3 /home/ise/Aprendiendo/VHDL_Verilog/9.-ConvertidorBinarioBCDVHDL/shiftAdd3.vhd sub00/vhpl01 1688113525
EN decodificadorbinbcd NULL /home/ise/Aprendiendo/VHDL_Verilog/9.-ConvertidorBinarioBCDVHDL/shiftAdd3.vhd sub00/vhpl02 1688145026
AR decodificadorbinbcd shiftadd3 /home/ise/Aprendiendo/VHDL_Verilog/9.-ConvertidorBinarioBCDVHDL/shiftAdd3.vhd sub00/vhpl03 1688145027
EN shiftadd3 NULL /home/ise/Aprendiendo/VHDL_Verilog/9.-ConvertidorBinarioBCDVHDL/shiftAdd3.vhd sub00/vhpl00 1688113524
