EN divisordereloj NULL /home/ise/Aprendiendo/VHDL_Verilog/18.-MotorAPasosBipolarVHDL/divisorDeReloj.vhd sub00/vhpl02 1688984104
AR divisordereloj frecuencianueva /home/ise/Aprendiendo/VHDL_Verilog/18.-MotorAPasosBipolarVHDL/divisorDeReloj.vhd sub00/vhpl03 1688984105
EN controlpasosmotor NULL /home/ise/Aprendiendo/VHDL_Verilog/18.-MotorAPasosBipolarVHDL/controlPasosMotor.vhd sub00/vhpl00 1688984106
EN motorapasosbipolarpasostld NULL /home/ise/Aprendiendo/VHDL_Verilog/18.-MotorAPasosBipolarVHDL/MotorAPasosBipolarPasosTLD.vhd sub00/vhpl04 1688984108
AR controlpasosmotor behavioral /home/ise/Aprendiendo/VHDL_Verilog/18.-MotorAPasosBipolarVHDL/controlPasosMotor.vhd sub00/vhpl01 1688984107
AR motorapasosbipolarpasostld behavioral /home/ise/Aprendiendo/VHDL_Verilog/18.-MotorAPasosBipolarVHDL/MotorAPasosBipolarPasosTLD.vhd sub00/vhpl05 1688984109
