EN topleveldesign NULL /home/ise/Aprendiendo/VHDL_Verilog/6.-UnionModulosVHDL/TopLevelDesign.vhd sub00/vhpl00 1688060516
EN nombreentidadcompuertaor NULL /home/ise/Aprendiendo/VHDL_Verilog/6.-UnionModulosVHDL/compuertaOR.vhd sub00/vhpl03 1688060514
AR nombreentidadmediosumador mediosumador /home/ise/Aprendiendo/VHDL_Verilog/6.-UnionModulosVHDL/medioSumador.vhd sub00/vhpl02 1688060513
AR topleveldesign behavioral /home/ise/Aprendiendo/VHDL_Verilog/6.-UnionModulosVHDL/TopLevelDesign.vhd sub00/vhpl05 1688060517
AR nombreentidadcompuertaor compuertaor /home/ise/Aprendiendo/VHDL_Verilog/6.-UnionModulosVHDL/compuertaOR.vhd sub00/vhpl04 1688060515
EN nombreentidadmediosumador NULL /home/ise/Aprendiendo/VHDL_Verilog/6.-UnionModulosVHDL/medioSumador.vhd sub00/vhpl01 1688060512
