EN controlswitchespwm NULL /home/ise/Aprendiendo/VHDL_Verilog/23.-PWMBrushlessControlSwitchesVHDL/controlSwitchesPWM.vhd sub00/vhpl00 1691618203
AR controlswitchespwm frecuencianueva /home/ise/Aprendiendo/VHDL_Verilog/23.-PWMBrushlessControlSwitchesVHDL/controlSwitchesPWM.vhd sub00/vhpl01 1691618204
