EN divisordereloj NULL /home/ise/Aprendiendo/VHDL_Verilog/17.-motorAPasosUnipolarMedioPasoVHDL/divisorDeReloj.vhd sub00/vhpl00 1688754091
AR divisordereloj frecuencianueva /home/ise/Aprendiendo/VHDL_Verilog/17.-motorAPasosUnipolarMedioPasoVHDL/divisorDeReloj.vhd sub00/vhpl01 1688754092
EN controlpasosmotor NULL /home/ise/Aprendiendo/VHDL_Verilog/17.-motorAPasosUnipolarMedioPasoVHDL/controlPasosMotor.vhd sub00/vhpl02 1688754093
AR controlpasosmotor behavioral /home/ise/Aprendiendo/VHDL_Verilog/17.-motorAPasosUnipolarMedioPasoVHDL/controlPasosMotor.vhd sub00/vhpl03 1688754094
EN motorapasosunipolarmediopasotld NULL /home/ise/Aprendiendo/VHDL_Verilog/17.-motorAPasosUnipolarMedioPasoVHDL/MotorAPasosUnipolarMedioPasoTLD.vhd sub00/vhpl04 1688754095
AR motorapasosunipolarmediopasotld behavioral /home/ise/Aprendiendo/VHDL_Verilog/17.-motorAPasosUnipolarMedioPasoVHDL/MotorAPasosUnipolarMedioPasoTLD.vhd sub00/vhpl05 1688754096
