EN decodificadorbinhex NULL /home/ise/Aprendiendo/VHDL_Verilog/10.-numDiferentesDisp7SegVHDL/decodificadorBinHex.vhd sub00/vhpl00 1688388335
AR contadorselector contador2bits /home/ise/Aprendiendo/VHDL_Verilog/10.-numDiferentesDisp7SegVHDL/contadorSelector.vhd sub00/vhpl03 1688388334
EN divisordereloj NULL /home/ise/Aprendiendo/VHDL_Verilog/10.-numDiferentesDisp7SegVHDL/divisorDeReloj.vhd sub00/vhpl04 1688388331
AR relojcontadormuxdisp7segtld encenderdisplaystld /home/ise/Aprendiendo/VHDL_Verilog/10.-numDiferentesDisp7SegVHDL/relojContadorMuxDisp7SegTLD.vhd sub00/vhpl08 1688388338
AR divisordereloj frecuencianueva /home/ise/Aprendiendo/VHDL_Verilog/10.-numDiferentesDisp7SegVHDL/divisorDeReloj.vhd sub00/vhpl05 1688388332
EN contadorselector NULL /home/ise/Aprendiendo/VHDL_Verilog/10.-numDiferentesDisp7SegVHDL/contadorSelector.vhd sub00/vhpl02 1688388333
AR decodificadorbinhex behavioral C:/electDigit/numDiferentesDisp7SegVHDL/decodificadorBinHex.vhd sub00/vhpl01 1588528314
AR decodificadorbinhex binarioahexadecimal /home/ise/Aprendiendo/VHDL_Verilog/10.-numDiferentesDisp7SegVHDL/decodificadorBinHex.vhd sub00/vhpl06 1688388336
EN relojcontadormuxdisp7segtld NULL /home/ise/Aprendiendo/VHDL_Verilog/10.-numDiferentesDisp7SegVHDL/relojContadorMuxDisp7SegTLD.vhd sub00/vhpl07 1688388337
