Release 14.7 - xst P.20131013 (lin64)
Copyright (c) 1995-2013 Xilinx, Inc.  All rights reserved.
--> 
Parameter TMPDIR set to xst/projnav.tmp


Total REAL time to Xst completion: 0.00 secs
Total CPU time to Xst completion: 0.00 secs
 
--> 
Parameter xsthdpdir set to xst


Total REAL time to Xst completion: 0.00 secs
Total CPU time to Xst completion: 0.00 secs
 
--> 
Reading design: fsmMealy.prj

TABLE OF CONTENTS
  1) Synthesis Options Summary
  2) HDL Compilation
  3) Design Hierarchy Analysis
  4) HDL Analysis
  5) HDL Synthesis
     5.1) HDL Synthesis Report
  6) Advanced HDL Synthesis
     6.1) Advanced HDL Synthesis Report
  7) Low Level Synthesis
  8) Partition Report
  9) Final Report
	9.1) Device utilization summary
	9.2) Partition Resource Summary
	9.3) TIMING REPORT


=========================================================================
*                      Synthesis Options Summary                        *
=========================================================================
---- Source Parameters
Input File Name                    : "fsmMealy.prj"
Input Format                       : mixed
Ignore Synthesis Constraint File   : NO

---- Target Parameters
Output File Name                   : "fsmMealy"
Output Format                      : NGC
Target Device                      : xc3s500e-5-fg320

---- Source Options
Top Module Name                    : fsmMealy
Automatic FSM Extraction           : YES
FSM Encoding Algorithm             : Auto
Safe Implementation                : No
FSM Style                          : LUT
RAM Extraction                     : Yes
RAM Style                          : Auto
ROM Extraction                     : Yes
Mux Style                          : Auto
Decoder Extraction                 : YES
Priority Encoder Extraction        : Yes
Shift Register Extraction          : YES
Logical Shifter Extraction         : YES
XOR Collapsing                     : YES
ROM Style                          : Auto
Mux Extraction                     : Yes
Resource Sharing                   : YES
Asynchronous To Synchronous        : NO
Multiplier Style                   : Auto
Automatic Register Balancing       : No

---- Target Options
Add IO Buffers                     : YES
Global Maximum Fanout              : 100000
Add Generic Clock Buffer(BUFG)     : 24
Register Duplication               : YES
Slice Packing                      : YES
Optimize Instantiated Primitives   : NO
Use Clock Enable                   : Yes
Use Synchronous Set                : Yes
Use Synchronous Reset              : Yes
Pack IO Registers into IOBs        : Auto
Equivalent register Removal        : YES

---- General Options
Optimization Goal                  : Speed
Optimization Effort                : 1
Keep Hierarchy                     : No
Netlist Hierarchy                  : As_Optimized
RTL Output                         : Yes
Global Optimization                : AllClockNets
Read Cores                         : YES
Write Timing Constraints           : NO
Cross Clock Analysis               : NO
Hierarchy Separator                : /
Bus Delimiter                      : <>
Case Specifier                     : Maintain
Slice Utilization Ratio            : 100
BRAM Utilization Ratio             : 100
Verilog 2001                       : YES
Auto BRAM Packing                  : NO
Slice Utilization Ratio Delta      : 5

=========================================================================


=========================================================================
*                          HDL Compilation                              *
=========================================================================
Compiling vhdl file "/home/ise/Aprendiendo/VHDL_Verilog/24.-SecuenciaFSM_MealyVHDL/fsmMealy.vhd" in Library work.
Entity <fsmmealy> compiled.
Entity <fsmmealy> (Architecture <deteccionsecuencia1011boton>) compiled.

=========================================================================
*                     Design Hierarchy Analysis                         *
=========================================================================
Analyzing hierarchy for entity <fsmMealy> in library <work> (architecture <deteccionsecuencia1011boton>).


=========================================================================
*                            HDL Analysis                               *
=========================================================================
Analyzing Entity <fsmMealy> in library <work> (Architecture <deteccionsecuencia1011boton>).
Entity <fsmMealy> analyzed. Unit <fsmMealy> generated.


=========================================================================
*                           HDL Synthesis                               *
=========================================================================

Performing bidirectional port resolution...

Synthesizing Unit <fsmMealy>.
    Related source file is "/home/ise/Aprendiendo/VHDL_Verilog/24.-SecuenciaFSM_MealyVHDL/fsmMealy.vhd".
    Found finite state machine <FSM_0> for signal <estadoPresente>.
    -----------------------------------------------------------------------
    | States             | 4                                              |
    | Transitions        | 7                                              |
    | Inputs             | 1                                              |
    | Outputs            | 4                                              |
    | Clock              | clkdiv<24>                (rising_edge)        |
    | Power Up State     | inicio                                         |
    | Encoding           | automatic                                      |
    | Implementation     | LUT                                            |
    -----------------------------------------------------------------------
    Found 25-bit up counter for signal <clkdiv>.
    Found 1-bit register for signal <delay_1>.
    Found 1-bit register for signal <delay_2>.
    Summary:
	inferred   1 Finite State Machine(s).
	inferred   1 Counter(s).
	inferred   2 D-type flip-flop(s).
Unit <fsmMealy> synthesized.


=========================================================================
HDL Synthesis Report

Macro Statistics
# Counters                                             : 1
 25-bit up counter                                     : 1
# Registers                                            : 2
 1-bit register                                        : 2

=========================================================================

=========================================================================
*                       Advanced HDL Synthesis                          *
=========================================================================

Analyzing FSM <FSM_0> for best encoding.
Optimizing FSM <estadoPresente/FSM> on signal <estadoPresente[1:2]> with sequential encoding.
----------------------
 State    | Encoding
----------------------
 inicio   | 00
 estado_1 | 10
 estado_2 | 11
 estado_3 | 01
----------------------

=========================================================================
Advanced HDL Synthesis Report

Macro Statistics
# FSMs                                                 : 1
# Counters                                             : 1
 25-bit up counter                                     : 1
# Registers                                            : 2
 Flip-Flops                                            : 2

=========================================================================

=========================================================================
*                         Low Level Synthesis                           *
=========================================================================

Optimizing unit <fsmMealy> ...

Mapping all equations...
Building and optimizing final netlist ...
Found area constraint ratio of 100 (+ 5) on block fsmMealy, actual ratio is 0.

Final Macro Processing ...

=========================================================================
Final Register Report

Macro Statistics
# Registers                                            : 29
 Flip-Flops                                            : 29

=========================================================================

=========================================================================
*                           Partition Report                            *
=========================================================================

Partition Implementation Status
-------------------------------

  No Partitions were found in this design.

-------------------------------

=========================================================================
*                            Final Report                               *
=========================================================================
Final Results
RTL Top Level Output File Name     : fsmMealy.ngr
Top Level Output File Name         : fsmMealy
Output Format                      : NGC
Optimization Goal                  : Speed
Keep Hierarchy                     : No

Design Statistics
# IOs                              : 7

Cell Usage :
# BELS                             : 82
#      GND                         : 1
#      INV                         : 1
#      LUT1                        : 24
#      LUT3                        : 1
#      LUT4                        : 5
#      MUXCY                       : 24
#      VCC                         : 1
#      XORCY                       : 25
# FlipFlops/Latches                : 29
#      FD                          : 29
# Clock Buffers                    : 1
#      BUFGP                       : 1
# IO Buffers                       : 6
#      IBUF                        : 1
#      OBUF                        : 5
=========================================================================

Device utilization summary:
---------------------------

Selected Device : 3s500efg320-5 

 Number of Slices:                       16  out of   4656     0%  
 Number of Slice Flip Flops:             29  out of   9312     0%  
 Number of 4 input LUTs:                 31  out of   9312     0%  
 Number of IOs:                           7
 Number of bonded IOBs:                   7  out of    232     3%  
 Number of GCLKs:                         1  out of     24     4%  

---------------------------
Partition Resource Summary:
---------------------------

  No Partitions were found in this design.

---------------------------


=========================================================================
TIMING REPORT

NOTE: THESE TIMING NUMBERS ARE ONLY A SYNTHESIS ESTIMATE.
      FOR ACCURATE TIMING INFORMATION PLEASE REFER TO THE TRACE REPORT
      GENERATED AFTER PLACE-and-ROUTE.

Clock Information:
------------------
-----------------------------------+------------------------------+-------+
Clock Signal                       | Clock buffer(FF name)        | Load  |
-----------------------------------+------------------------------+-------+
clkdiv_19                          | NONE(delay_1)                | 2     |
clk                                | BUFGP                        | 25    |
clkdiv_24                          | NONE(estadoPresente_FSM_FFd1)| 2     |
-----------------------------------+------------------------------+-------+
INFO:Xst:2169 - HDL ADVISOR - Some clock signals were not automatically buffered by XST with BUFG/BUFR resources. Please use the buffer_type constraint in order to insert these buffers to the clock signals to help prevent skew problems.

Asynchronous Control Signals Information:
----------------------------------------
No asynchronous control signals found in this design

Timing Summary:
---------------
Speed Grade: -5

   Minimum period: 4.139ns (Maximum Frequency: 241.604MHz)
   Minimum input arrival time before clock: 1.731ns
   Maximum output required time after clock: 5.396ns
   Maximum combinational path delay: No path found

Timing Detail:
--------------
All values displayed in nanoseconds (ns)

=========================================================================
Timing constraint: Default period analysis for Clock 'clkdiv_19'
  Clock period: 1.384ns (frequency: 722.648MHz)
  Total number of paths / destination ports: 1 / 1
-------------------------------------------------------------------------
Delay:               1.384ns (Levels of Logic = 0)
  Source:            delay_1 (FF)
  Destination:       delay_2 (FF)
  Source Clock:      clkdiv_19 rising
  Destination Clock: clkdiv_19 rising

  Data Path: delay_1 to delay_2
                                Gate     Net
    Cell:in->out      fanout   Delay   Delay  Logical Name (Net Name)
    ----------------------------------------  ------------
     FD:C->Q               7   0.514   0.602  delay_1 (delay_1)
     FD:D                      0.268          delay_2
    ----------------------------------------
    Total                      1.384ns (0.782ns logic, 0.602ns route)
                                       (56.5% logic, 43.5% route)

=========================================================================
Timing constraint: Default period analysis for Clock 'clk'
  Clock period: 4.139ns (frequency: 241.604MHz)
  Total number of paths / destination ports: 325 / 25
-------------------------------------------------------------------------
Delay:               4.139ns (Levels of Logic = 25)
  Source:            clkdiv_1 (FF)
  Destination:       clkdiv_24 (FF)
  Source Clock:      clk rising
  Destination Clock: clk rising

  Data Path: clkdiv_1 to clkdiv_24
                                Gate     Net
    Cell:in->out      fanout   Delay   Delay  Logical Name (Net Name)
    ----------------------------------------  ------------
     FD:C->Q               1   0.514   0.509  clkdiv_1 (clkdiv_1)
     LUT1:I0->O            1   0.612   0.000  Mcount_clkdiv_cy<1>_rt (Mcount_clkdiv_cy<1>_rt)
     MUXCY:S->O            1   0.404   0.000  Mcount_clkdiv_cy<1> (Mcount_clkdiv_cy<1>)
     MUXCY:CI->O           1   0.052   0.000  Mcount_clkdiv_cy<2> (Mcount_clkdiv_cy<2>)
     MUXCY:CI->O           1   0.052   0.000  Mcount_clkdiv_cy<3> (Mcount_clkdiv_cy<3>)
     MUXCY:CI->O           1   0.051   0.000  Mcount_clkdiv_cy<4> (Mcount_clkdiv_cy<4>)
     MUXCY:CI->O           1   0.051   0.000  Mcount_clkdiv_cy<5> (Mcount_clkdiv_cy<5>)
     MUXCY:CI->O           1   0.051   0.000  Mcount_clkdiv_cy<6> (Mcount_clkdiv_cy<6>)
     MUXCY:CI->O           1   0.051   0.000  Mcount_clkdiv_cy<7> (Mcount_clkdiv_cy<7>)
     MUXCY:CI->O           1   0.051   0.000  Mcount_clkdiv_cy<8> (Mcount_clkdiv_cy<8>)
     MUXCY:CI->O           1   0.051   0.000  Mcount_clkdiv_cy<9> (Mcount_clkdiv_cy<9>)
     MUXCY:CI->O           1   0.051   0.000  Mcount_clkdiv_cy<10> (Mcount_clkdiv_cy<10>)
     MUXCY:CI->O           1   0.051   0.000  Mcount_clkdiv_cy<11> (Mcount_clkdiv_cy<11>)
     MUXCY:CI->O           1   0.051   0.000  Mcount_clkdiv_cy<12> (Mcount_clkdiv_cy<12>)
     MUXCY:CI->O           1   0.051   0.000  Mcount_clkdiv_cy<13> (Mcount_clkdiv_cy<13>)
     MUXCY:CI->O           1   0.051   0.000  Mcount_clkdiv_cy<14> (Mcount_clkdiv_cy<14>)
     MUXCY:CI->O           1   0.051   0.000  Mcount_clkdiv_cy<15> (Mcount_clkdiv_cy<15>)
     MUXCY:CI->O           1   0.051   0.000  Mcount_clkdiv_cy<16> (Mcount_clkdiv_cy<16>)
     MUXCY:CI->O           1   0.051   0.000  Mcount_clkdiv_cy<17> (Mcount_clkdiv_cy<17>)
     MUXCY:CI->O           1   0.051   0.000  Mcount_clkdiv_cy<18> (Mcount_clkdiv_cy<18>)
     MUXCY:CI->O           1   0.051   0.000  Mcount_clkdiv_cy<19> (Mcount_clkdiv_cy<19>)
     MUXCY:CI->O           1   0.051   0.000  Mcount_clkdiv_cy<20> (Mcount_clkdiv_cy<20>)
     MUXCY:CI->O           1   0.051   0.000  Mcount_clkdiv_cy<21> (Mcount_clkdiv_cy<21>)
     MUXCY:CI->O           1   0.051   0.000  Mcount_clkdiv_cy<22> (Mcount_clkdiv_cy<22>)
     MUXCY:CI->O           0   0.051   0.000  Mcount_clkdiv_cy<23> (Mcount_clkdiv_cy<23>)
     XORCY:CI->O           1   0.699   0.000  Mcount_clkdiv_xor<24> (Result<24>)
     FD:D                      0.268          clkdiv_24
    ----------------------------------------
    Total                      4.139ns (3.630ns logic, 0.509ns route)
                                       (87.7% logic, 12.3% route)

=========================================================================
Timing constraint: Default period analysis for Clock 'clkdiv_24'
  Clock period: 2.115ns (frequency: 472.891MHz)
  Total number of paths / destination ports: 4 / 2
-------------------------------------------------------------------------
Delay:               2.115ns (Levels of Logic = 1)
  Source:            estadoPresente_FSM_FFd1 (FF)
  Destination:       estadoPresente_FSM_FFd2 (FF)
  Source Clock:      clkdiv_24 rising
  Destination Clock: clkdiv_24 rising

  Data Path: estadoPresente_FSM_FFd1 to estadoPresente_FSM_FFd2
                                Gate     Net
    Cell:in->out      fanout   Delay   Delay  Logical Name (Net Name)
    ----------------------------------------  ------------
     FD:C->Q               6   0.514   0.721  estadoPresente_FSM_FFd1 (estadoPresente_FSM_FFd1)
     LUT4:I0->O            1   0.612   0.000  estadoPresente_FSM_FFd2-In1 (estadoPresente_FSM_FFd2-In)
     FD:D                      0.268          estadoPresente_FSM_FFd2
    ----------------------------------------
    Total                      2.115ns (1.394ns logic, 0.721ns route)
                                       (65.9% logic, 34.1% route)

=========================================================================
Timing constraint: Default OFFSET IN BEFORE for Clock 'clkdiv_19'
  Total number of paths / destination ports: 1 / 1
-------------------------------------------------------------------------
Offset:              1.731ns (Levels of Logic = 1)
  Source:            boton (PAD)
  Destination:       delay_1 (FF)
  Destination Clock: clkdiv_19 rising

  Data Path: boton to delay_1
                                Gate     Net
    Cell:in->out      fanout   Delay   Delay  Logical Name (Net Name)
    ----------------------------------------  ------------
     IBUF:I->O             1   1.106   0.357  boton_IBUF (boton_IBUF)
     FD:D                      0.268          delay_1
    ----------------------------------------
    Total                      1.731ns (1.374ns logic, 0.357ns route)
                                       (79.4% logic, 20.6% route)

=========================================================================
Timing constraint: Default OFFSET OUT AFTER for Clock 'clkdiv_24'
  Total number of paths / destination ports: 9 / 5
-------------------------------------------------------------------------
Offset:              5.396ns (Levels of Logic = 2)
  Source:            estadoPresente_FSM_FFd1 (FF)
  Destination:       ledSecuencia (PAD)
  Source Clock:      clkdiv_24 rising

  Data Path: estadoPresente_FSM_FFd1 to ledSecuencia
                                Gate     Net
    Cell:in->out      fanout   Delay   Delay  Logical Name (Net Name)
    ----------------------------------------  ------------
     FD:C->Q               6   0.514   0.721  estadoPresente_FSM_FFd1 (estadoPresente_FSM_FFd1)
     LUT4:I0->O            2   0.612   0.380  ledSecuencia1 (ledSecuencia_OBUF)
     OBUF:I->O                 3.169          ledSecuencia_OBUF (ledSecuencia)
    ----------------------------------------
    Total                      5.396ns (4.295ns logic, 1.101ns route)
                                       (79.6% logic, 20.4% route)

=========================================================================
Timing constraint: Default OFFSET OUT AFTER for Clock 'clkdiv_19'
  Total number of paths / destination ports: 10 / 5
-------------------------------------------------------------------------
Offset:              5.373ns (Levels of Logic = 2)
  Source:            delay_2 (FF)
  Destination:       ledPasos<3> (PAD)
  Source Clock:      clkdiv_19 rising

  Data Path: delay_2 to ledPasos<3>
                                Gate     Net
    Cell:in->out      fanout   Delay   Delay  Logical Name (Net Name)
    ----------------------------------------  ------------
     FD:C->Q               6   0.514   0.721  delay_2 (delay_2)
     LUT4:I0->O            1   0.612   0.357  ledPasos<3>1 (ledPasos_3_OBUF)
     OBUF:I->O                 3.169          ledPasos_3_OBUF (ledPasos<3>)
    ----------------------------------------
    Total                      5.373ns (4.295ns logic, 1.078ns route)
                                       (79.9% logic, 20.1% route)

=========================================================================


Total REAL time to Xst completion: 4.00 secs
Total CPU time to Xst completion: 0.86 secs
 
--> 


Total memory usage is 511452 kilobytes

Number of errors   :    0 (   0 filtered)
Number of warnings :    0 (   0 filtered)
Number of infos    :    1 (   0 filtered)

