Release 14.7 - xst P.20131013 (lin64)
Copyright (c) 1995-2013 Xilinx, Inc.  All rights reserved.
--> 
Parameter TMPDIR set to xst/projnav.tmp


Total REAL time to Xst completion: 0.00 secs
Total CPU time to Xst completion: 0.00 secs
 
--> 
Parameter xsthdpdir set to xst


Total REAL time to Xst completion: 0.00 secs
Total CPU time to Xst completion: 0.00 secs
 
--> 
Reading design: controlSwitchesPWM.prj

TABLE OF CONTENTS
  1) Synthesis Options Summary
  2) HDL Compilation
  3) Design Hierarchy Analysis
  4) HDL Analysis
  5) HDL Synthesis
     5.1) HDL Synthesis Report
  6) Advanced HDL Synthesis
     6.1) Advanced HDL Synthesis Report
  7) Low Level Synthesis
  8) Partition Report
  9) Final Report
	9.1) Device utilization summary
	9.2) Partition Resource Summary
	9.3) TIMING REPORT


=========================================================================
*                      Synthesis Options Summary                        *
=========================================================================
---- Source Parameters
Input File Name                    : "controlSwitchesPWM.prj"
Input Format                       : mixed
Ignore Synthesis Constraint File   : NO

---- Target Parameters
Output File Name                   : "controlSwitchesPWM"
Output Format                      : NGC
Target Device                      : xc3s500e-5-fg320

---- Source Options
Top Module Name                    : controlSwitchesPWM
Automatic FSM Extraction           : YES
FSM Encoding Algorithm             : Auto
Safe Implementation                : No
FSM Style                          : LUT
RAM Extraction                     : Yes
RAM Style                          : Auto
ROM Extraction                     : Yes
Mux Style                          : Auto
Decoder Extraction                 : YES
Priority Encoder Extraction        : Yes
Shift Register Extraction          : YES
Logical Shifter Extraction         : YES
XOR Collapsing                     : YES
ROM Style                          : Auto
Mux Extraction                     : Yes
Resource Sharing                   : YES
Asynchronous To Synchronous        : NO
Multiplier Style                   : Auto
Automatic Register Balancing       : No

---- Target Options
Add IO Buffers                     : YES
Global Maximum Fanout              : 100000
Add Generic Clock Buffer(BUFG)     : 24
Register Duplication               : YES
Slice Packing                      : YES
Optimize Instantiated Primitives   : NO
Use Clock Enable                   : Yes
Use Synchronous Set                : Yes
Use Synchronous Reset              : Yes
Pack IO Registers into IOBs        : Auto
Equivalent register Removal        : YES

---- General Options
Optimization Goal                  : Speed
Optimization Effort                : 1
Keep Hierarchy                     : No
Netlist Hierarchy                  : As_Optimized
RTL Output                         : Yes
Global Optimization                : AllClockNets
Read Cores                         : YES
Write Timing Constraints           : NO
Cross Clock Analysis               : NO
Hierarchy Separator                : /
Bus Delimiter                      : <>
Case Specifier                     : Maintain
Slice Utilization Ratio            : 100
BRAM Utilization Ratio             : 100
Verilog 2001                       : YES
Auto BRAM Packing                  : NO
Slice Utilization Ratio Delta      : 5

=========================================================================


=========================================================================
*                          HDL Compilation                              *
=========================================================================
Compiling verilog file "controlSwitchesPWM.v" in library work
Module <controlSwitchesPWM> compiled
No errors in compilation
Analysis of file <"controlSwitchesPWM.prj"> succeeded.
 

=========================================================================
*                     Design Hierarchy Analysis                         *
=========================================================================
Analyzing hierarchy for module <controlSwitchesPWM> in library <work>.


=========================================================================
*                            HDL Analysis                               *
=========================================================================
Analyzing top module <controlSwitchesPWM>.
Module <controlSwitchesPWM> is correct for synthesis.
 

=========================================================================
*                           HDL Synthesis                               *
=========================================================================

Performing bidirectional port resolution...

Synthesizing Unit <controlSwitchesPWM>.
    Related source file is "controlSwitchesPWM.v".
WARNING:Xst:1870 - Variable <posicion0Grados> is used but never assigned. Tied to value 00000000000000001101111010101000.
    Found 3-bit register for signal <ledAngulo>.
    Found 33-bit adder for signal <$add0000> created at line 125.
    Found 32-bit up counter for signal <conteoFrecuenciaPWM>.
    Found 33-bit comparator greater for signal <conteoFrecuenciaPWM$cmp_gt0000> created at line 70.
    Found 26-bit up counter for signal <divisorDeReloj>.
    Found 32-bit register for signal <movServo>.
    Found 33-bit comparator lessequal for signal <PWM$cmp_le0000> created at line 125.
    Summary:
	inferred   2 Counter(s).
	inferred  35 D-type flip-flop(s).
	inferred   1 Adder/Subtractor(s).
	inferred   2 Comparator(s).
Unit <controlSwitchesPWM> synthesized.


=========================================================================
HDL Synthesis Report

Macro Statistics
# Adders/Subtractors                                   : 1
 33-bit adder                                          : 1
# Counters                                             : 2
 26-bit up counter                                     : 1
 32-bit up counter                                     : 1
# Registers                                            : 2
 3-bit register                                        : 1
 32-bit register                                       : 1
# Comparators                                          : 2
 33-bit comparator greater                             : 1
 33-bit comparator lessequal                           : 1

=========================================================================

=========================================================================
*                       Advanced HDL Synthesis                          *
=========================================================================

WARNING:Xst:1293 - FF/Latch <movServo_31> has a constant value of 0 in block <controlSwitchesPWM>. This FF/Latch will be trimmed during the optimization process.
WARNING:Xst:1293 - FF/Latch <movServo_30> has a constant value of 0 in block <controlSwitchesPWM>. This FF/Latch will be trimmed during the optimization process.
WARNING:Xst:1293 - FF/Latch <movServo_29> has a constant value of 0 in block <controlSwitchesPWM>. This FF/Latch will be trimmed during the optimization process.
WARNING:Xst:1293 - FF/Latch <movServo_28> has a constant value of 0 in block <controlSwitchesPWM>. This FF/Latch will be trimmed during the optimization process.
WARNING:Xst:1293 - FF/Latch <movServo_27> has a constant value of 0 in block <controlSwitchesPWM>. This FF/Latch will be trimmed during the optimization process.
WARNING:Xst:1293 - FF/Latch <movServo_26> has a constant value of 0 in block <controlSwitchesPWM>. This FF/Latch will be trimmed during the optimization process.
WARNING:Xst:1293 - FF/Latch <movServo_25> has a constant value of 0 in block <controlSwitchesPWM>. This FF/Latch will be trimmed during the optimization process.
WARNING:Xst:1293 - FF/Latch <movServo_24> has a constant value of 0 in block <controlSwitchesPWM>. This FF/Latch will be trimmed during the optimization process.
WARNING:Xst:1293 - FF/Latch <movServo_23> has a constant value of 0 in block <controlSwitchesPWM>. This FF/Latch will be trimmed during the optimization process.
WARNING:Xst:1293 - FF/Latch <movServo_22> has a constant value of 0 in block <controlSwitchesPWM>. This FF/Latch will be trimmed during the optimization process.
WARNING:Xst:1293 - FF/Latch <movServo_21> has a constant value of 0 in block <controlSwitchesPWM>. This FF/Latch will be trimmed during the optimization process.
WARNING:Xst:1293 - FF/Latch <movServo_20> has a constant value of 0 in block <controlSwitchesPWM>. This FF/Latch will be trimmed during the optimization process.
WARNING:Xst:1293 - FF/Latch <movServo_19> has a constant value of 0 in block <controlSwitchesPWM>. This FF/Latch will be trimmed during the optimization process.
WARNING:Xst:1293 - FF/Latch <movServo_18> has a constant value of 0 in block <controlSwitchesPWM>. This FF/Latch will be trimmed during the optimization process.
WARNING:Xst:1293 - FF/Latch <movServo_17> has a constant value of 0 in block <controlSwitchesPWM>. This FF/Latch will be trimmed during the optimization process.
WARNING:Xst:1293 - FF/Latch <movServo_16> has a constant value of 0 in block <controlSwitchesPWM>. This FF/Latch will be trimmed during the optimization process.
WARNING:Xst:1293 - FF/Latch <movServo_12> has a constant value of 0 in block <controlSwitchesPWM>. This FF/Latch will be trimmed during the optimization process.
WARNING:Xst:1293 - FF/Latch <movServo_11> has a constant value of 0 in block <controlSwitchesPWM>. This FF/Latch will be trimmed during the optimization process.
WARNING:Xst:1293 - FF/Latch <movServo_10> has a constant value of 0 in block <controlSwitchesPWM>. This FF/Latch will be trimmed during the optimization process.
WARNING:Xst:1293 - FF/Latch <movServo_2> has a constant value of 0 in block <controlSwitchesPWM>. This FF/Latch will be trimmed during the optimization process.
WARNING:Xst:1293 - FF/Latch <movServo_1> has a constant value of 0 in block <controlSwitchesPWM>. This FF/Latch will be trimmed during the optimization process.
WARNING:Xst:1293 - FF/Latch <movServo_0> has a constant value of 0 in block <controlSwitchesPWM>. This FF/Latch will be trimmed during the optimization process.

=========================================================================
Advanced HDL Synthesis Report

Macro Statistics
# Adders/Subtractors                                   : 1
 33-bit adder                                          : 1
# Counters                                             : 2
 26-bit up counter                                     : 1
 32-bit up counter                                     : 1
# Registers                                            : 35
 Flip-Flops                                            : 35
# Comparators                                          : 2
 33-bit comparator greater                             : 1
 33-bit comparator lessequal                           : 1

=========================================================================

=========================================================================
*                         Low Level Synthesis                           *
=========================================================================
WARNING:Xst:1293 - FF/Latch <movServo_31> has a constant value of 0 in block <controlSwitchesPWM>. This FF/Latch will be trimmed during the optimization process.
WARNING:Xst:1293 - FF/Latch <movServo_30> has a constant value of 0 in block <controlSwitchesPWM>. This FF/Latch will be trimmed during the optimization process.
WARNING:Xst:1293 - FF/Latch <movServo_29> has a constant value of 0 in block <controlSwitchesPWM>. This FF/Latch will be trimmed during the optimization process.
WARNING:Xst:1293 - FF/Latch <movServo_28> has a constant value of 0 in block <controlSwitchesPWM>. This FF/Latch will be trimmed during the optimization process.
WARNING:Xst:1293 - FF/Latch <movServo_27> has a constant value of 0 in block <controlSwitchesPWM>. This FF/Latch will be trimmed during the optimization process.
WARNING:Xst:1293 - FF/Latch <movServo_26> has a constant value of 0 in block <controlSwitchesPWM>. This FF/Latch will be trimmed during the optimization process.
WARNING:Xst:1293 - FF/Latch <movServo_25> has a constant value of 0 in block <controlSwitchesPWM>. This FF/Latch will be trimmed during the optimization process.
WARNING:Xst:1293 - FF/Latch <movServo_24> has a constant value of 0 in block <controlSwitchesPWM>. This FF/Latch will be trimmed during the optimization process.
WARNING:Xst:1293 - FF/Latch <movServo_23> has a constant value of 0 in block <controlSwitchesPWM>. This FF/Latch will be trimmed during the optimization process.
WARNING:Xst:1293 - FF/Latch <movServo_22> has a constant value of 0 in block <controlSwitchesPWM>. This FF/Latch will be trimmed during the optimization process.
WARNING:Xst:1293 - FF/Latch <movServo_21> has a constant value of 0 in block <controlSwitchesPWM>. This FF/Latch will be trimmed during the optimization process.
WARNING:Xst:1293 - FF/Latch <movServo_20> has a constant value of 0 in block <controlSwitchesPWM>. This FF/Latch will be trimmed during the optimization process.
WARNING:Xst:1293 - FF/Latch <movServo_19> has a constant value of 0 in block <controlSwitchesPWM>. This FF/Latch will be trimmed during the optimization process.
WARNING:Xst:1293 - FF/Latch <movServo_18> has a constant value of 0 in block <controlSwitchesPWM>. This FF/Latch will be trimmed during the optimization process.
WARNING:Xst:1293 - FF/Latch <movServo_17> has a constant value of 0 in block <controlSwitchesPWM>. This FF/Latch will be trimmed during the optimization process.
WARNING:Xst:1293 - FF/Latch <movServo_16> has a constant value of 0 in block <controlSwitchesPWM>. This FF/Latch will be trimmed during the optimization process.
WARNING:Xst:1293 - FF/Latch <movServo_12> has a constant value of 0 in block <controlSwitchesPWM>. This FF/Latch will be trimmed during the optimization process.
WARNING:Xst:1293 - FF/Latch <movServo_11> has a constant value of 0 in block <controlSwitchesPWM>. This FF/Latch will be trimmed during the optimization process.
WARNING:Xst:1293 - FF/Latch <movServo_10> has a constant value of 0 in block <controlSwitchesPWM>. This FF/Latch will be trimmed during the optimization process.
WARNING:Xst:1293 - FF/Latch <movServo_2> has a constant value of 0 in block <controlSwitchesPWM>. This FF/Latch will be trimmed during the optimization process.
WARNING:Xst:1293 - FF/Latch <movServo_1> has a constant value of 0 in block <controlSwitchesPWM>. This FF/Latch will be trimmed during the optimization process.
WARNING:Xst:1293 - FF/Latch <movServo_0> has a constant value of 0 in block <controlSwitchesPWM>. This FF/Latch will be trimmed during the optimization process.
INFO:Xst:2261 - The FF/Latch <movServo_3> in Unit <controlSwitchesPWM> is equivalent to the following 4 FFs/Latches, which will be removed : <movServo_5> <movServo_7> <movServo_13> <ledAngulo_1> 
INFO:Xst:2261 - The FF/Latch <movServo_4> in Unit <controlSwitchesPWM> is equivalent to the following 4 FFs/Latches, which will be removed : <movServo_6> <movServo_9> <movServo_15> <ledAngulo_2> 
INFO:Xst:2261 - The FF/Latch <movServo_8> in Unit <controlSwitchesPWM> is equivalent to the following FF/Latch, which will be removed : <movServo_14> 
WARNING:Xst:2677 - Node <divisorDeReloj_13> of sequential type is unconnected in block <controlSwitchesPWM>.
WARNING:Xst:2677 - Node <divisorDeReloj_14> of sequential type is unconnected in block <controlSwitchesPWM>.
WARNING:Xst:2677 - Node <divisorDeReloj_15> of sequential type is unconnected in block <controlSwitchesPWM>.
WARNING:Xst:2677 - Node <divisorDeReloj_16> of sequential type is unconnected in block <controlSwitchesPWM>.
WARNING:Xst:2677 - Node <divisorDeReloj_17> of sequential type is unconnected in block <controlSwitchesPWM>.
WARNING:Xst:2677 - Node <divisorDeReloj_18> of sequential type is unconnected in block <controlSwitchesPWM>.
WARNING:Xst:2677 - Node <divisorDeReloj_19> of sequential type is unconnected in block <controlSwitchesPWM>.
WARNING:Xst:2677 - Node <divisorDeReloj_20> of sequential type is unconnected in block <controlSwitchesPWM>.
WARNING:Xst:2677 - Node <divisorDeReloj_21> of sequential type is unconnected in block <controlSwitchesPWM>.
WARNING:Xst:2677 - Node <divisorDeReloj_22> of sequential type is unconnected in block <controlSwitchesPWM>.
WARNING:Xst:2677 - Node <divisorDeReloj_23> of sequential type is unconnected in block <controlSwitchesPWM>.
WARNING:Xst:2677 - Node <divisorDeReloj_24> of sequential type is unconnected in block <controlSwitchesPWM>.
WARNING:Xst:2677 - Node <divisorDeReloj_25> of sequential type is unconnected in block <controlSwitchesPWM>.

Optimizing unit <controlSwitchesPWM> ...

Mapping all equations...
Building and optimizing final netlist ...
Found area constraint ratio of 100 (+ 5) on block controlSwitchesPWM, actual ratio is 1.
FlipFlop movServo_4 has been replicated 1 time(s) to handle iob=true attribute.
FlipFlop movServo_3 has been replicated 1 time(s) to handle iob=true attribute.

Final Macro Processing ...

=========================================================================
Final Register Report

Macro Statistics
# Registers                                            : 51
 Flip-Flops                                            : 51

=========================================================================

=========================================================================
*                           Partition Report                            *
=========================================================================

Partition Implementation Status
-------------------------------

  No Partitions were found in this design.

-------------------------------

=========================================================================
*                            Final Report                               *
=========================================================================
Final Results
RTL Top Level Output File Name     : controlSwitchesPWM.ngr
Top Level Output File Name         : controlSwitchesPWM
Output Format                      : NGC
Optimization Goal                  : Speed
Keep Hierarchy                     : No

Design Statistics
# IOs                              : 9

Cell Usage :
# BELS                             : 217
#      GND                         : 1
#      INV                         : 6
#      LUT1                        : 15
#      LUT2                        : 39
#      LUT3                        : 18
#      LUT4                        : 16
#      MUXCY                       : 76
#      VCC                         : 1
#      XORCY                       : 45
# FlipFlops/Latches                : 51
#      FDCE                        : 13
#      FDE                         : 38
# Clock Buffers                    : 1
#      BUFGP                       : 1
# IO Buffers                       : 8
#      IBUF                        : 4
#      OBUF                        : 4
=========================================================================

Device utilization summary:
---------------------------

Selected Device : 3s500efg320-5 

 Number of Slices:                       48  out of   4656     1%  
 Number of Slice Flip Flops:             48  out of   9312     0%  
 Number of 4 input LUTs:                 94  out of   9312     1%  
 Number of IOs:                           9
 Number of bonded IOBs:                   9  out of    232     3%  
    IOB Flip Flops:                       3
 Number of GCLKs:                         1  out of     24     4%  

---------------------------
Partition Resource Summary:
---------------------------

  No Partitions were found in this design.

---------------------------


=========================================================================
TIMING REPORT

NOTE: THESE TIMING NUMBERS ARE ONLY A SYNTHESIS ESTIMATE.
      FOR ACCURATE TIMING INFORMATION PLEASE REFER TO THE TRACE REPORT
      GENERATED AFTER PLACE-and-ROUTE.

Clock Information:
------------------
-----------------------------------+------------------------+-------+
Clock Signal                       | Clock buffer(FF name)  | Load  |
-----------------------------------+------------------------+-------+
divisorDeReloj_12                  | NONE(movServo_3)       | 6     |
relojNexys2                        | BUFGP                  | 45    |
-----------------------------------+------------------------+-------+
INFO:Xst:2169 - HDL ADVISOR - Some clock signals were not automatically buffered by XST with BUFG/BUFR resources. Please use the buffer_type constraint in order to insert these buffers to the clock signals to help prevent skew problems.

Asynchronous Control Signals Information:
----------------------------------------
-----------------------------------+------------------------+-------+
Control Signal                     | Buffer(FF name)        | Load  |
-----------------------------------+------------------------+-------+
rst                                | IBUF                   | 13    |
-----------------------------------+------------------------+-------+

Timing Summary:
---------------
Speed Grade: -5

   Minimum period: 7.425ns (Maximum Frequency: 134.680MHz)
   Minimum input arrival time before clock: 4.124ns
   Maximum output required time after clock: 7.790ns
   Maximum combinational path delay: No path found

Timing Detail:
--------------
All values displayed in nanoseconds (ns)

=========================================================================
Timing constraint: Default period analysis for Clock 'relojNexys2'
  Clock period: 7.425ns (frequency: 134.680MHz)
  Total number of paths / destination ports: 20101 / 58
-------------------------------------------------------------------------
Delay:               7.425ns (Levels of Logic = 47)
  Source:            conteoFrecuenciaPWM_0 (FF)
  Destination:       conteoFrecuenciaPWM_31 (FF)
  Source Clock:      relojNexys2 rising
  Destination Clock: relojNexys2 rising

  Data Path: conteoFrecuenciaPWM_0 to conteoFrecuenciaPWM_31
                                Gate     Net
    Cell:in->out      fanout   Delay   Delay  Logical Name (Net Name)
    ----------------------------------------  ------------
     FDE:C->Q              3   0.514   0.603  conteoFrecuenciaPWM_0 (conteoFrecuenciaPWM_0)
     LUT4:I0->O            1   0.612   0.000  Mcompar_conteoFrecuenciaPWM_cmp_gt0000_lut<0> (Mcompar_conteoFrecuenciaPWM_cmp_gt0000_lut<0>)
     MUXCY:S->O            1   0.404   0.000  Mcompar_conteoFrecuenciaPWM_cmp_gt0000_cy<0> (Mcompar_conteoFrecuenciaPWM_cmp_gt0000_cy<0>)
     MUXCY:CI->O           1   0.051   0.000  Mcompar_conteoFrecuenciaPWM_cmp_gt0000_cy<1> (Mcompar_conteoFrecuenciaPWM_cmp_gt0000_cy<1>)
     MUXCY:CI->O           1   0.051   0.000  Mcompar_conteoFrecuenciaPWM_cmp_gt0000_cy<2> (Mcompar_conteoFrecuenciaPWM_cmp_gt0000_cy<2>)
     MUXCY:CI->O           1   0.051   0.000  Mcompar_conteoFrecuenciaPWM_cmp_gt0000_cy<3> (Mcompar_conteoFrecuenciaPWM_cmp_gt0000_cy<3>)
     MUXCY:CI->O           1   0.051   0.000  Mcompar_conteoFrecuenciaPWM_cmp_gt0000_cy<4> (Mcompar_conteoFrecuenciaPWM_cmp_gt0000_cy<4>)
     MUXCY:CI->O           1   0.051   0.000  Mcompar_conteoFrecuenciaPWM_cmp_gt0000_cy<5> (Mcompar_conteoFrecuenciaPWM_cmp_gt0000_cy<5>)
     MUXCY:CI->O           1   0.051   0.000  Mcompar_conteoFrecuenciaPWM_cmp_gt0000_cy<6> (Mcompar_conteoFrecuenciaPWM_cmp_gt0000_cy<6>)
     MUXCY:CI->O           1   0.051   0.000  Mcompar_conteoFrecuenciaPWM_cmp_gt0000_cy<7> (Mcompar_conteoFrecuenciaPWM_cmp_gt0000_cy<7>)
     MUXCY:CI->O           1   0.051   0.000  Mcompar_conteoFrecuenciaPWM_cmp_gt0000_cy<8> (Mcompar_conteoFrecuenciaPWM_cmp_gt0000_cy<8>)
     MUXCY:CI->O           1   0.051   0.000  Mcompar_conteoFrecuenciaPWM_cmp_gt0000_cy<9> (Mcompar_conteoFrecuenciaPWM_cmp_gt0000_cy<9>)
     MUXCY:CI->O           1   0.051   0.000  Mcompar_conteoFrecuenciaPWM_cmp_gt0000_cy<10> (Mcompar_conteoFrecuenciaPWM_cmp_gt0000_cy<10>)
     MUXCY:CI->O           1   0.051   0.000  Mcompar_conteoFrecuenciaPWM_cmp_gt0000_cy<11> (Mcompar_conteoFrecuenciaPWM_cmp_gt0000_cy<11>)
     MUXCY:CI->O          46   0.051   1.146  Mcompar_conteoFrecuenciaPWM_cmp_gt0000_cy<12> (Mcompar_conteoFrecuenciaPWM_cmp_gt0000_cy<12>)
     LUT2:I1->O            1   0.612   0.000  Mcount_conteoFrecuenciaPWM_lut<0> (Mcount_conteoFrecuenciaPWM_lut<0>)
     MUXCY:S->O            1   0.404   0.000  Mcount_conteoFrecuenciaPWM_cy<0> (Mcount_conteoFrecuenciaPWM_cy<0>)
     MUXCY:CI->O           1   0.052   0.000  Mcount_conteoFrecuenciaPWM_cy<1> (Mcount_conteoFrecuenciaPWM_cy<1>)
     MUXCY:CI->O           1   0.052   0.000  Mcount_conteoFrecuenciaPWM_cy<2> (Mcount_conteoFrecuenciaPWM_cy<2>)
     MUXCY:CI->O           1   0.052   0.000  Mcount_conteoFrecuenciaPWM_cy<3> (Mcount_conteoFrecuenciaPWM_cy<3>)
     MUXCY:CI->O           1   0.052   0.000  Mcount_conteoFrecuenciaPWM_cy<4> (Mcount_conteoFrecuenciaPWM_cy<4>)
     MUXCY:CI->O           1   0.052   0.000  Mcount_conteoFrecuenciaPWM_cy<5> (Mcount_conteoFrecuenciaPWM_cy<5>)
     MUXCY:CI->O           1   0.052   0.000  Mcount_conteoFrecuenciaPWM_cy<6> (Mcount_conteoFrecuenciaPWM_cy<6>)
     MUXCY:CI->O           1   0.052   0.000  Mcount_conteoFrecuenciaPWM_cy<7> (Mcount_conteoFrecuenciaPWM_cy<7>)
     MUXCY:CI->O           1   0.052   0.000  Mcount_conteoFrecuenciaPWM_cy<8> (Mcount_conteoFrecuenciaPWM_cy<8>)
     MUXCY:CI->O           1   0.052   0.000  Mcount_conteoFrecuenciaPWM_cy<9> (Mcount_conteoFrecuenciaPWM_cy<9>)
     MUXCY:CI->O           1   0.052   0.000  Mcount_conteoFrecuenciaPWM_cy<10> (Mcount_conteoFrecuenciaPWM_cy<10>)
     MUXCY:CI->O           1   0.051   0.000  Mcount_conteoFrecuenciaPWM_cy<11> (Mcount_conteoFrecuenciaPWM_cy<11>)
     MUXCY:CI->O           1   0.051   0.000  Mcount_conteoFrecuenciaPWM_cy<12> (Mcount_conteoFrecuenciaPWM_cy<12>)
     MUXCY:CI->O           1   0.051   0.000  Mcount_conteoFrecuenciaPWM_cy<13> (Mcount_conteoFrecuenciaPWM_cy<13>)
     MUXCY:CI->O           1   0.051   0.000  Mcount_conteoFrecuenciaPWM_cy<14> (Mcount_conteoFrecuenciaPWM_cy<14>)
     MUXCY:CI->O           1   0.051   0.000  Mcount_conteoFrecuenciaPWM_cy<15> (Mcount_conteoFrecuenciaPWM_cy<15>)
     MUXCY:CI->O           1   0.051   0.000  Mcount_conteoFrecuenciaPWM_cy<16> (Mcount_conteoFrecuenciaPWM_cy<16>)
     MUXCY:CI->O           1   0.051   0.000  Mcount_conteoFrecuenciaPWM_cy<17> (Mcount_conteoFrecuenciaPWM_cy<17>)
     MUXCY:CI->O           1   0.051   0.000  Mcount_conteoFrecuenciaPWM_cy<18> (Mcount_conteoFrecuenciaPWM_cy<18>)
     MUXCY:CI->O           1   0.051   0.000  Mcount_conteoFrecuenciaPWM_cy<19> (Mcount_conteoFrecuenciaPWM_cy<19>)
     MUXCY:CI->O           1   0.051   0.000  Mcount_conteoFrecuenciaPWM_cy<20> (Mcount_conteoFrecuenciaPWM_cy<20>)
     MUXCY:CI->O           1   0.051   0.000  Mcount_conteoFrecuenciaPWM_cy<21> (Mcount_conteoFrecuenciaPWM_cy<21>)
     MUXCY:CI->O           1   0.051   0.000  Mcount_conteoFrecuenciaPWM_cy<22> (Mcount_conteoFrecuenciaPWM_cy<22>)
     MUXCY:CI->O           1   0.051   0.000  Mcount_conteoFrecuenciaPWM_cy<23> (Mcount_conteoFrecuenciaPWM_cy<23>)
     MUXCY:CI->O           1   0.051   0.000  Mcount_conteoFrecuenciaPWM_cy<24> (Mcount_conteoFrecuenciaPWM_cy<24>)
     MUXCY:CI->O           1   0.051   0.000  Mcount_conteoFrecuenciaPWM_cy<25> (Mcount_conteoFrecuenciaPWM_cy<25>)
     MUXCY:CI->O           1   0.051   0.000  Mcount_conteoFrecuenciaPWM_cy<26> (Mcount_conteoFrecuenciaPWM_cy<26>)
     MUXCY:CI->O           1   0.051   0.000  Mcount_conteoFrecuenciaPWM_cy<27> (Mcount_conteoFrecuenciaPWM_cy<27>)
     MUXCY:CI->O           1   0.051   0.000  Mcount_conteoFrecuenciaPWM_cy<28> (Mcount_conteoFrecuenciaPWM_cy<28>)
     MUXCY:CI->O           1   0.051   0.000  Mcount_conteoFrecuenciaPWM_cy<29> (Mcount_conteoFrecuenciaPWM_cy<29>)
     MUXCY:CI->O           0   0.051   0.000  Mcount_conteoFrecuenciaPWM_cy<30> (Mcount_conteoFrecuenciaPWM_cy<30>)
     XORCY:CI->O           1   0.699   0.000  Mcount_conteoFrecuenciaPWM_xor<31> (Mcount_conteoFrecuenciaPWM31)
     FDE:D                     0.268          conteoFrecuenciaPWM_31
    ----------------------------------------
    Total                      7.425ns (5.676ns logic, 1.749ns route)
                                       (76.4% logic, 23.6% route)

=========================================================================
Timing constraint: Default OFFSET IN BEFORE for Clock 'divisorDeReloj_12'
  Total number of paths / destination ports: 36 / 12
-------------------------------------------------------------------------
Offset:              3.460ns (Levels of Logic = 2)
  Source:            selectPos<1> (PAD)
  Destination:       movServo_3 (FF)
  Destination Clock: divisorDeReloj_12 rising

  Data Path: selectPos<1> to movServo_3
                                Gate     Net
    Cell:in->out      fanout   Delay   Delay  Logical Name (Net Name)
    ----------------------------------------  ------------
     IBUF:I->O             5   1.106   0.690  selectPos_1_IBUF (selectPos_1_IBUF)
     LUT3:I0->O            6   0.612   0.569  movServo_not00001 (movServo_not0000)
     FDE:CE                    0.483          movServo_3
    ----------------------------------------
    Total                      3.460ns (2.201ns logic, 1.259ns route)
                                       (63.6% logic, 36.4% route)

=========================================================================
Timing constraint: Default OFFSET IN BEFORE for Clock 'relojNexys2'
  Total number of paths / destination ports: 32 / 32
-------------------------------------------------------------------------
Offset:              4.124ns (Levels of Logic = 2)
  Source:            rst (PAD)
  Destination:       conteoFrecuenciaPWM_0 (FF)
  Destination Clock: relojNexys2 rising

  Data Path: rst to conteoFrecuenciaPWM_0
                                Gate     Net
    Cell:in->out      fanout   Delay   Delay  Logical Name (Net Name)
    ----------------------------------------  ------------
     IBUF:I->O            14   1.106   0.850  rst_IBUF (rst_IBUF)
     INV:I->O             32   0.612   1.073  rst_inv1_INV_0 (rst_inv)
     FDE:CE                    0.483          conteoFrecuenciaPWM_0
    ----------------------------------------
    Total                      4.124ns (2.201ns logic, 1.923ns route)
                                       (53.4% logic, 46.6% route)

=========================================================================
Timing constraint: Default OFFSET OUT AFTER for Clock 'relojNexys2'
  Total number of paths / destination ports: 34 / 1
-------------------------------------------------------------------------
Offset:              6.986ns (Levels of Logic = 22)
  Source:            conteoFrecuenciaPWM_0 (FF)
  Destination:       PWM (PAD)
  Source Clock:      relojNexys2 rising

  Data Path: conteoFrecuenciaPWM_0 to PWM
                                Gate     Net
    Cell:in->out      fanout   Delay   Delay  Logical Name (Net Name)
    ----------------------------------------  ------------
     FDE:C->Q              3   0.514   0.603  conteoFrecuenciaPWM_0 (conteoFrecuenciaPWM_0)
     LUT3:I0->O            1   0.612   0.000  Mcompar_PWM_cmp_le0000_lut<0> (Mcompar_PWM_cmp_le0000_lut<0>)
     MUXCY:S->O            1   0.404   0.000  Mcompar_PWM_cmp_le0000_cy<0> (Mcompar_PWM_cmp_le0000_cy<0>)
     MUXCY:CI->O           1   0.051   0.000  Mcompar_PWM_cmp_le0000_cy<1> (Mcompar_PWM_cmp_le0000_cy<1>)
     MUXCY:CI->O           1   0.051   0.000  Mcompar_PWM_cmp_le0000_cy<2> (Mcompar_PWM_cmp_le0000_cy<2>)
     MUXCY:CI->O           1   0.051   0.000  Mcompar_PWM_cmp_le0000_cy<3> (Mcompar_PWM_cmp_le0000_cy<3>)
     MUXCY:CI->O           1   0.051   0.000  Mcompar_PWM_cmp_le0000_cy<4> (Mcompar_PWM_cmp_le0000_cy<4>)
     MUXCY:CI->O           1   0.051   0.000  Mcompar_PWM_cmp_le0000_cy<5> (Mcompar_PWM_cmp_le0000_cy<5>)
     MUXCY:CI->O           1   0.051   0.000  Mcompar_PWM_cmp_le0000_cy<6> (Mcompar_PWM_cmp_le0000_cy<6>)
     MUXCY:CI->O           1   0.051   0.000  Mcompar_PWM_cmp_le0000_cy<7> (Mcompar_PWM_cmp_le0000_cy<7>)
     MUXCY:CI->O           1   0.051   0.000  Mcompar_PWM_cmp_le0000_cy<8> (Mcompar_PWM_cmp_le0000_cy<8>)
     MUXCY:CI->O           1   0.051   0.000  Mcompar_PWM_cmp_le0000_cy<9> (Mcompar_PWM_cmp_le0000_cy<9>)
     MUXCY:CI->O           1   0.051   0.000  Mcompar_PWM_cmp_le0000_cy<10> (Mcompar_PWM_cmp_le0000_cy<10>)
     MUXCY:CI->O           1   0.051   0.000  Mcompar_PWM_cmp_le0000_cy<11> (Mcompar_PWM_cmp_le0000_cy<11>)
     MUXCY:CI->O           1   0.051   0.000  Mcompar_PWM_cmp_le0000_cy<12> (Mcompar_PWM_cmp_le0000_cy<12>)
     MUXCY:CI->O           1   0.051   0.000  Mcompar_PWM_cmp_le0000_cy<13> (Mcompar_PWM_cmp_le0000_cy<13>)
     MUXCY:CI->O           1   0.051   0.000  Mcompar_PWM_cmp_le0000_cy<14> (Mcompar_PWM_cmp_le0000_cy<14>)
     MUXCY:CI->O           1   0.051   0.000  Mcompar_PWM_cmp_le0000_cy<15> (Mcompar_PWM_cmp_le0000_cy<15>)
     MUXCY:CI->O           1   0.051   0.000  Mcompar_PWM_cmp_le0000_cy<16> (Mcompar_PWM_cmp_le0000_cy<16>)
     MUXCY:CI->O           1   0.052   0.000  Mcompar_PWM_cmp_le0000_cy<17> (Mcompar_PWM_cmp_le0000_cy<17>)
     MUXCY:CI->O           1   0.052   0.000  Mcompar_PWM_cmp_le0000_cy<18> (Mcompar_PWM_cmp_le0000_cy<18>)
     MUXCY:CI->O           1   0.399   0.357  Mcompar_PWM_cmp_le0000_cy<19> (PWM_OBUF)
     OBUF:I->O                 3.169          PWM_OBUF (PWM)
    ----------------------------------------
    Total                      6.986ns (6.026ns logic, 0.960ns route)
                                       (86.3% logic, 13.7% route)

=========================================================================
Timing constraint: Default OFFSET OUT AFTER for Clock 'divisorDeReloj_12'
  Total number of paths / destination ports: 71 / 4
-------------------------------------------------------------------------
Offset:              7.790ns (Levels of Logic = 20)
  Source:            movServo_3 (FF)
  Destination:       PWM (PAD)
  Source Clock:      divisorDeReloj_12 rising

  Data Path: movServo_3 to PWM
                                Gate     Net
    Cell:in->out      fanout   Delay   Delay  Logical Name (Net Name)
    ----------------------------------------  ------------
     FDE:C->Q             22   0.514   1.141  movServo_3 (movServo_3)
     LUT2:I0->O            0   0.612   0.000  Madd__add0000_xor<5>11 (_add0000<6>)
     MUXCY:DI->O           1   0.773   0.000  Mcompar_PWM_cmp_le0000_cy<2> (Mcompar_PWM_cmp_le0000_cy<2>)
     MUXCY:CI->O           1   0.051   0.000  Mcompar_PWM_cmp_le0000_cy<3> (Mcompar_PWM_cmp_le0000_cy<3>)
     MUXCY:CI->O           1   0.051   0.000  Mcompar_PWM_cmp_le0000_cy<4> (Mcompar_PWM_cmp_le0000_cy<4>)
     MUXCY:CI->O           1   0.051   0.000  Mcompar_PWM_cmp_le0000_cy<5> (Mcompar_PWM_cmp_le0000_cy<5>)
     MUXCY:CI->O           1   0.051   0.000  Mcompar_PWM_cmp_le0000_cy<6> (Mcompar_PWM_cmp_le0000_cy<6>)
     MUXCY:CI->O           1   0.051   0.000  Mcompar_PWM_cmp_le0000_cy<7> (Mcompar_PWM_cmp_le0000_cy<7>)
     MUXCY:CI->O           1   0.051   0.000  Mcompar_PWM_cmp_le0000_cy<8> (Mcompar_PWM_cmp_le0000_cy<8>)
     MUXCY:CI->O           1   0.051   0.000  Mcompar_PWM_cmp_le0000_cy<9> (Mcompar_PWM_cmp_le0000_cy<9>)
     MUXCY:CI->O           1   0.051   0.000  Mcompar_PWM_cmp_le0000_cy<10> (Mcompar_PWM_cmp_le0000_cy<10>)
     MUXCY:CI->O           1   0.051   0.000  Mcompar_PWM_cmp_le0000_cy<11> (Mcompar_PWM_cmp_le0000_cy<11>)
     MUXCY:CI->O           1   0.051   0.000  Mcompar_PWM_cmp_le0000_cy<12> (Mcompar_PWM_cmp_le0000_cy<12>)
     MUXCY:CI->O           1   0.051   0.000  Mcompar_PWM_cmp_le0000_cy<13> (Mcompar_PWM_cmp_le0000_cy<13>)
     MUXCY:CI->O           1   0.051   0.000  Mcompar_PWM_cmp_le0000_cy<14> (Mcompar_PWM_cmp_le0000_cy<14>)
     MUXCY:CI->O           1   0.051   0.000  Mcompar_PWM_cmp_le0000_cy<15> (Mcompar_PWM_cmp_le0000_cy<15>)
     MUXCY:CI->O           1   0.051   0.000  Mcompar_PWM_cmp_le0000_cy<16> (Mcompar_PWM_cmp_le0000_cy<16>)
     MUXCY:CI->O           1   0.052   0.000  Mcompar_PWM_cmp_le0000_cy<17> (Mcompar_PWM_cmp_le0000_cy<17>)
     MUXCY:CI->O           1   0.052   0.000  Mcompar_PWM_cmp_le0000_cy<18> (Mcompar_PWM_cmp_le0000_cy<18>)
     MUXCY:CI->O           1   0.399   0.357  Mcompar_PWM_cmp_le0000_cy<19> (PWM_OBUF)
     OBUF:I->O                 3.169          PWM_OBUF (PWM)
    ----------------------------------------
    Total                      7.790ns (6.292ns logic, 1.498ns route)
                                       (80.8% logic, 19.2% route)

=========================================================================


Total REAL time to Xst completion: 4.00 secs
Total CPU time to Xst completion: 0.83 secs
 
--> 


Total memory usage is 608960 kilobytes

Number of errors   :    0 (   0 filtered)
Number of warnings :   58 (   0 filtered)
Number of infos    :    4 (   0 filtered)

