MO controlPasosMotor NULL controlPasosMotor.v vlg38/control_pasos_motor.bin 1688668749
MO MotorAPasosUnipolarPasoDobleTLD NULL MotorAPasosUnipolarPasoDobleTLD.v vlg03/_motor_a_pasos_unipolar_paso_doble_t_l_d.bin 1688668749
MO divisorDeReloj NULL divisorDeReloj.v vlg55/divisor_de_reloj.bin 1688668749
