MO MotorAPasosUnipolarMedioPasoTLD NULL MotorAPasosUnipolarMedioPasoTLD.v vlg5B/_motor_a_pasos_unipolar_medio_paso_t_l_d.bin 1688720290
MO controlPasosMotor NULL controlPasosMotor.v vlg38/control_pasos_motor.bin 1688720290
MO divisorDeReloj NULL divisorDeReloj.v vlg55/divisor_de_reloj.bin 1688720290
