EN contadorascendente NULL C:/electDigit/contadorVHDL/contadorAscendente.vhd sub00/vhpl00 1588322056
AR contadordescendente behavioral C:/electDigit/contadorVHDL/contadorDescendente.vhd sub00/vhpl03 1588323188
AR contadorascendente behavioral C:/electDigit/contadorVHDL/contadorAscendente.vhd sub00/vhpl01 1588322057
EN contadordescendente NULL C:/electDigit/contadorVHDL/contadorDescendente.vhd sub00/vhpl02 1588323187
