--------------------------------------------------------------------------------
Release 14.7 Trace  (lin64)
Copyright (c) 1995-2013 Xilinx, Inc.  All rights reserved.

/opt/Xilinx/14.7/ISE_DS/ISE/bin/lin64/unwrapped/trce -intstyle ise -v 3 -s 5 -n
3 -fastpaths -xml relojContadorAritmeticaMuxDisp7SegTLD.twx
relojContadorAritmeticaMuxDisp7SegTLD.ncd -o
relojContadorAritmeticaMuxDisp7SegTLD.twr
relojContadorAritmeticaMuxDisp7SegTLD.pcf -ucf mostrarResultado.ucf

Design file:              relojContadorAritmeticaMuxDisp7SegTLD.ncd
Physical constraint file: relojContadorAritmeticaMuxDisp7SegTLD.pcf
Device,package,speed:     xc3s500e,fg320,-5 (PRODUCTION 1.27 2013-10-13)
Report level:             verbose report

Environment Variable      Effect 
--------------------      ------ 
NONE                      No environment variables were set
--------------------------------------------------------------------------------

INFO:Timing:2698 - No timing constraints found, doing default enumeration.
INFO:Timing:3412 - To improve timing, see the Timing Closure User Guide (UG612).
INFO:Timing:2752 - To get complete path coverage, use the unconstrained paths 
   option. All paths that are not constrained will be reported in the 
   unconstrained paths section(s) of the report.
INFO:Timing:3339 - The clock-to-out numbers in this timing report are based on 
   a 50 Ohm transmission line loading model.  For the details of this model, 
   and for more information on accounting for different loading conditions, 
   please see the device datasheet.
INFO:Timing:3390 - This architecture does not support a default System Jitter 
   value, please add SYSTEM_JITTER constraint to the UCF to modify the Clock 
   Uncertainty calculation.
INFO:Timing:3389 - This architecture does not support 'Discrete Jitter' and 
   'Phase Error' calculations, these terms will be zero in the Clock 
   Uncertainty calculation.  Please make appropriate modification to 
   SYSTEM_JITTER to account for the unsupported Discrete Jitter and Phase 
   Error.



Data Sheet report:
-----------------
All values displayed in nanoseconds (ns)

Clock to Setup on destination clock clkNexys2
---------------+---------+---------+---------+---------+
               | Src:Rise| Src:Fall| Src:Rise| Src:Fall|
Source Clock   |Dest:Rise|Dest:Rise|Dest:Fall|Dest:Fall|
---------------+---------+---------+---------+---------+
clkNexys2      |    3.332|         |         |         |
---------------+---------+---------+---------+---------+

Pad to Pad
-----------------------+---------------+---------+
Source Pad             |Destination Pad|  Delay  |
-----------------------+---------------+---------+
numBinario<0>          |leds<0>        |    5.014|
numBinario<0>          |ledsDisplay<1> |   21.800|
numBinario<0>          |ledsDisplay<2> |   21.443|
numBinario<0>          |ledsDisplay<3> |   21.401|
numBinario<0>          |ledsDisplay<4> |   22.101|
numBinario<0>          |ledsDisplay<5> |   22.191|
numBinario<0>          |ledsDisplay<6> |   21.555|
numBinario<0>          |ledsDisplay<7> |   21.686|
numBinario<1>          |leds<1>        |    4.261|
numBinario<1>          |ledsDisplay<1> |   22.292|
numBinario<1>          |ledsDisplay<2> |   21.935|
numBinario<1>          |ledsDisplay<3> |   21.893|
numBinario<1>          |ledsDisplay<4> |   22.593|
numBinario<1>          |ledsDisplay<5> |   22.683|
numBinario<1>          |ledsDisplay<6> |   22.047|
numBinario<1>          |ledsDisplay<7> |   22.178|
numBinario<2>          |leds<2>        |    4.261|
numBinario<2>          |ledsDisplay<1> |   22.806|
numBinario<2>          |ledsDisplay<2> |   22.449|
numBinario<2>          |ledsDisplay<3> |   22.407|
numBinario<2>          |ledsDisplay<4> |   23.107|
numBinario<2>          |ledsDisplay<5> |   23.197|
numBinario<2>          |ledsDisplay<6> |   22.561|
numBinario<2>          |ledsDisplay<7> |   22.692|
numBinario<3>          |leds<3>        |    4.742|
numBinario<3>          |ledsDisplay<1> |   23.038|
numBinario<3>          |ledsDisplay<2> |   22.681|
numBinario<3>          |ledsDisplay<3> |   22.639|
numBinario<3>          |ledsDisplay<4> |   23.339|
numBinario<3>          |ledsDisplay<5> |   23.429|
numBinario<3>          |ledsDisplay<6> |   22.793|
numBinario<3>          |ledsDisplay<7> |   22.924|
seleccionarOperacion<0>|ledsDisplay<1> |   17.609|
seleccionarOperacion<0>|ledsDisplay<2> |   17.252|
seleccionarOperacion<0>|ledsDisplay<3> |   17.210|
seleccionarOperacion<0>|ledsDisplay<4> |   17.910|
seleccionarOperacion<0>|ledsDisplay<5> |   18.000|
seleccionarOperacion<0>|ledsDisplay<6> |   17.364|
seleccionarOperacion<0>|ledsDisplay<7> |   17.495|
seleccionarOperacion<1>|ledsDisplay<1> |   17.539|
seleccionarOperacion<1>|ledsDisplay<2> |   17.182|
seleccionarOperacion<1>|ledsDisplay<3> |   17.140|
seleccionarOperacion<1>|ledsDisplay<4> |   17.840|
seleccionarOperacion<1>|ledsDisplay<5> |   17.930|
seleccionarOperacion<1>|ledsDisplay<6> |   17.294|
seleccionarOperacion<1>|ledsDisplay<7> |   17.425|
-----------------------+---------------+---------+


Analysis completed Mon Jul  3 12:51:19 2023 
--------------------------------------------------------------------------------

Trace Settings:
-------------------------
Trace Settings 

Peak Memory Usage: 348 MB



