AR divisordereloj behavioral /home/ise/Aprendiendo/VHDL_Verilog/15.-MotorAPasosUnipolarPasoSimpleVHDL/divisorDeReloj.vhd sub00/vhpl01 1688728317
EN motorapasosunipolarpasosimpletld NULL /home/ise/Aprendiendo/VHDL_Verilog/15.-MotorAPasosUnipolarPasoSimpleVHDL/MotorAPasosUnipolarPasoSImpleTLD.vhd sub00/vhpl04 1688730842
EN divisordereloj NULL /home/ise/Aprendiendo/VHDL_Verilog/15.-MotorAPasosUnipolarPasoSimpleVHDL/divisorDeReloj.vhd sub00/vhpl00 1688730838
AR divisordereloj frecuencianueva /home/ise/Aprendiendo/VHDL_Verilog/15.-MotorAPasosUnipolarPasoSimpleVHDL/divisorDeReloj.vhd sub00/vhpl06 1688730839
EN controlpasosmotor NULL /home/ise/Aprendiendo/VHDL_Verilog/15.-MotorAPasosUnipolarPasoSimpleVHDL/controlPasosMotor.vhd sub00/vhpl02 1688730840
AR controlpasosmotor behavioral /home/ise/Aprendiendo/VHDL_Verilog/15.-MotorAPasosUnipolarPasoSimpleVHDL/controlPasosMotor.vhd sub00/vhpl03 1688730841
AR motorapasosunipolarpasosimpletld behavioral /home/ise/Aprendiendo/VHDL_Verilog/15.-MotorAPasosUnipolarPasoSimpleVHDL/MotorAPasosUnipolarPasoSImpleTLD.vhd sub00/vhpl05 1688730843
