MO relojContadorMuxDisp7SegTLD NULL relojContadorMuxDisp7SegTLD.v vlg6E/reloj_contador_mux_disp7_seg_t_l_d.bin 1688392180
MO decodificadorBinHex NULL decodificadorBinHex.v vlg7A/decodificador_bin_hex.bin 1688392180
MO divisorDeReloj NULL divisorDeReloj.v vlg55/divisor_de_reloj.bin 1688392180
MO contadorSelector NULL contadorSelector.v vlg23/contador_selector.bin 1688392180
