EN divisordereloj NULL /home/ise/Aprendiendo/VHDL_Verilog/PWMServomotorVHDL/PWMServomotor.vhd sub00/vhpl02 1689164989
AR divisordereloj frecuencianueva /home/ise/Aprendiendo/VHDL_Verilog/PWMServomotorVHDL/PWMServomotor.vhd sub00/vhpl03 1689164990
EN pwmservomotor NULL /home/ise/Aprendiendo/VHDL_Verilog/PWMServomotorVHDL/PWMServomotor.vhd sub00/vhpl00 1689164744
AR pwmservomotor frecuencianueva /home/ise/Aprendiendo/VHDL_Verilog/PWMServomotorVHDL/PWMServomotor.vhd sub00/vhpl01 1689164745
AR divisorderelojpwm frecuencianueva /home/ise/Aprendiendo/VHDL_Verilog/16.-PWMServomotorCodigoVHDL/PWMServomotor.vhd sub00/vhpl05 1689352323
EN divisorderelojpwm NULL /home/ise/Aprendiendo/VHDL_Verilog/16.-PWMServomotorCodigoVHDL/PWMServomotor.vhd sub00/vhpl04 1689352322
