EN divisordereloj NULL /home/ise/Aprendiendo/VHDL_Verilog/16.-motorAPasosUnipolarPasoDobleVHDL/divisorDeReloj.vhd sub00/vhpl00 1688731191
AR divisordereloj frecuencianueva /home/ise/Aprendiendo/VHDL_Verilog/16.-motorAPasosUnipolarPasoDobleVHDL/divisorDeReloj.vhd sub00/vhpl01 1688731192
EN motorapasosunipolarpasodobletld NULL /home/ise/Aprendiendo/VHDL_Verilog/16.-motorAPasosUnipolarPasoDobleVHDL/MotorAPasosUnipolarPasoDobleTLD.vhd sub00/vhpl04 1688731195
EN controlpasosmotor NULL /home/ise/Aprendiendo/VHDL_Verilog/16.-motorAPasosUnipolarPasoDobleVHDL/controlPasosMotor.vhd sub00/vhpl02 1688731193
AR controlpasosmotor behavioral /home/ise/Aprendiendo/VHDL_Verilog/16.-motorAPasosUnipolarPasoDobleVHDL/controlPasosMotor.vhd sub00/vhpl03 1688731194
AR motorapasosunipolarpasodobletld behavioral /home/ise/Aprendiendo/VHDL_Verilog/16.-motorAPasosUnipolarPasoDobleVHDL/MotorAPasosUnipolarPasoDobleTLD.vhd sub00/vhpl05 1688731196
